AR disp_92 behavioral "C:/Documents and Settings/SL2aluno/Desktop/Nosso/TF2/DISP_92.vhf" sub00/vhpl91 1529019450
AR obuft8_mxilinx_disp_92 behavioral "C:/Documents and Settings/SL2aluno/Desktop/Nosso/TF2/DISP_92.vhf" sub00/vhpl85 1529019444
AR rom128 behavioral "C:/Documents and Settings/SL2aluno/Desktop/Nosso/TF2/rom128.vhf" sub00/vhpl69 1529019380
AR obuft8_mxilinx_alu behavioral "C:/Documents and Settings/SL2aluno/Desktop/Nosso/TF2/ALU.vhf" sub00/vhpl27 1529019394
AR or8_bus behavioral "C:/Documents and Settings/SL2aluno/Desktop/Nosso/TF2/OR8_BUS.vhf" sub00/vhpl13 1529019372
AR fd8ce_mxilinx_mar behavioral "C:/Documents and Settings/SL2aluno/Desktop/Nosso/TF2/MAR.vhf" sub00/vhpl15 1529019382
EN disp_116 NULL "C:/Documents and Settings/SL2aluno/Desktop/Nosso/TF2/DISP_116.vhf" sub00/vhpl74 1529019433
AR fd8ce_mxilinx_disp_67 behavioral "C:/Documents and Settings/SL2aluno/Desktop/Nosso/TF2/DISP_67.vhf" sub00/vhpl79 1529019461
EN obuft8_mxilinx_alu NULL "C:/Documents and Settings/SL2aluno/Desktop/Nosso/TF2/ALU.vhf" sub00/vhpl26 1529019393
EN m2_1b1_mxilinx_sp NULL "C:/Documents and Settings/SL2aluno/Desktop/Nosso/TF2/SP.vhf" sub00/vhpl40 1529019407
AR obuft8_mxilinx_disp_116 behavioral "C:/Documents and Settings/SL2aluno/Desktop/Nosso/TF2/DISP_116.vhf" sub00/vhpl73 1529019432
AR ram_rom256 behavioral "C:/Documents and Settings/SL2aluno/Desktop/Nosso/TF2/ram_rom256.vhf" sub00/vhpl71 1529019430
EN ram8x1 NULL "C:/Documents and Settings/SL2aluno/Desktop/Nosso/TF2/Ram8x1.vhf" sub00/vhpl06 1529019365
AR alu behavioral "C:/Documents and Settings/SL2aluno/Desktop/Nosso/TF2/ALU.vhf" sub00/vhpl37 1529019404
AR obuft8_mxilinx_mar behavioral "C:/Documents and Settings/SL2aluno/Desktop/Nosso/TF2/MAR.vhf" sub00/vhpl17 1529019384
EN obuft8_mxilinx_ram128 NULL "C:/Documents and Settings/SL2aluno/Desktop/Nosso/TF2/ram128.vhf" sub00/vhpl62 1529019373
EN ftclex_mxilinx_sp NULL "C:/Documents and Settings/SL2aluno/Desktop/Nosso/TF2/SP.vhf" sub00/vhpl44 1529019411
EN mar NULL "C:/Documents and Settings/SL2aluno/Desktop/Nosso/TF2/MAR.vhf" sub00/vhpl18 1529019385
EN fr NULL "C:/Documents and Settings/SL2aluno/Desktop/Nosso/TF2/FR.vhf" sub00/vhpl24 1529019391
AR cpu behavioral "C:/Documents and Settings/SL2aluno/Desktop/Nosso/TF2/CPU.vhf" sub00/vhpl01 1529019424
EN ir NULL "C:/Documents and Settings/SL2aluno/Desktop/Nosso/TF2/IR.vhf" sub00/vhpl54 1529019421
EN ram_rom256 NULL "C:/Documents and Settings/SL2aluno/Desktop/Nosso/TF2/ram_rom256.vhf" sub00/vhpl70 1529019429
EN cpu NULL "C:/Documents and Settings/SL2aluno/Desktop/Nosso/TF2/CPU.vhf" sub00/vhpl00 1529019423
AR disp_67 behavioral "C:/Documents and Settings/SL2aluno/Desktop/Nosso/TF2/DISP_67.vhf" sub00/vhpl83 1529019465
EN and9_mxilinx_disp_67 NULL "C:/Documents and Settings/SL2aluno/Desktop/Nosso/TF2/DISP_67.vhf" sub00/vhpl80 1529019462
AR ftclex_mxilinx_sp behavioral "C:/Documents and Settings/SL2aluno/Desktop/Nosso/TF2/SP.vhf" sub00/vhpl45 1529019412
EN xor8_mxilinx_alu NULL "C:/Documents and Settings/SL2aluno/Desktop/Nosso/TF2/ALU.vhf" sub00/vhpl32 1529019399
AR and9_mxilinx_disp_92 behavioral "C:/Documents and Settings/SL2aluno/Desktop/Nosso/TF2/DISP_92.vhf" sub00/vhpl89 1529019448
AR mar behavioral "C:/Documents and Settings/SL2aluno/Desktop/Nosso/TF2/MAR.vhf" sub00/vhpl19 1529019386
AR nor8_mxilinx_alu behavioral "C:/Documents and Settings/SL2aluno/Desktop/Nosso/TF2/ALU.vhf" sub00/vhpl35 1529019402
EN obuft8_mxilinx_mar NULL "C:/Documents and Settings/SL2aluno/Desktop/Nosso/TF2/MAR.vhf" sub00/vhpl16 1529019383
EN m2_1_mxilinx_sp NULL "C:/Documents and Settings/SL2aluno/Desktop/Nosso/TF2/SP.vhf" sub00/vhpl42 1529019409
EN and9_mxilinx_disp_92 NULL "C:/Documents and Settings/SL2aluno/Desktop/Nosso/TF2/DISP_92.vhf" sub00/vhpl88 1529019447
EN fd8ce_mxilinx_disp_67 NULL "C:/Documents and Settings/SL2aluno/Desktop/Nosso/TF2/DISP_67.vhf" sub00/vhpl78 1529019460
EN fd8ce_mxilinx_fr NULL "C:/Documents and Settings/SL2aluno/Desktop/Nosso/TF2/FR.vhf" sub00/vhpl22 1529019389
EN fd8ce_mxilinx_disp_92 NULL "C:/Documents and Settings/SL2aluno/Desktop/Nosso/TF2/DISP_92.vhf" sub00/vhpl86 1529019445
EN or8_bus NULL "C:/Documents and Settings/SL2aluno/Desktop/Nosso/TF2/OR8_BUS.vhf" sub00/vhpl12 1529019371
AR disp_116 behavioral "C:/Documents and Settings/SL2aluno/Desktop/Nosso/TF2/DISP_116.vhf" sub00/vhpl75 1529019434
AR sp behavioral "C:/Documents and Settings/SL2aluno/Desktop/Nosso/TF2/SP.vhf" sub00/vhpl49 1529019416
EN cb8cled_mxilinx_sp NULL "C:/Documents and Settings/SL2aluno/Desktop/Nosso/TF2/SP.vhf" sub00/vhpl46 1529019413
EN fd8ce_mxilinx_ir NULL "C:/Documents and Settings/SL2aluno/Desktop/Nosso/TF2/IR.vhf" sub00/vhpl50 1529019417
AR shell_controlador behavior "C:/Documents and Settings/SL2aluno/Desktop/Nosso/TF2/CONTROLADOR.vhd" sub00/vhpl57 1529020218
AR fd8ce_mxilinx_ir behavioral "C:/Documents and Settings/SL2aluno/Desktop/Nosso/TF2/IR.vhf" sub00/vhpl51 1529019418
AR fd8ce_mxilinx_fr behavioral "C:/Documents and Settings/SL2aluno/Desktop/Nosso/TF2/FR.vhf" sub00/vhpl23 1529019390
EN ram128 NULL "C:/Documents and Settings/SL2aluno/Desktop/Nosso/TF2/ram128.vhf" sub00/vhpl64 1529019375
AR obuft8_mxilinx_sp behavioral "C:/Documents and Settings/SL2aluno/Desktop/Nosso/TF2/SP.vhf" sub00/vhpl39 1529019406
EN obuft8_mxilinx_rom128 NULL "C:/Documents and Settings/SL2aluno/Desktop/Nosso/TF2/rom128.vhf" sub00/vhpl66 1529019377
EN sp NULL "C:/Documents and Settings/SL2aluno/Desktop/Nosso/TF2/SP.vhf" sub00/vhpl48 1529019415
EN nor8_mxilinx_alu NULL "C:/Documents and Settings/SL2aluno/Desktop/Nosso/TF2/ALU.vhf" sub00/vhpl34 1529019401
EN xor8_bus NULL "C:/Documents and Settings/SL2aluno/Desktop/Nosso/TF2/XOR8_BUS.vhf" sub00/vhpl10 1529019369
EN obuft8_mxilinx_fr NULL "C:/Documents and Settings/SL2aluno/Desktop/Nosso/TF2/FR.vhf" sub00/vhpl20 1529019387
EN controlador NULL "C:/Documents and Settings/SL2aluno/Desktop/Nosso/TF2/CONTROLADOR.vhd" sub00/vhpl58 1529020219
AR ir behavioral "C:/Documents and Settings/SL2aluno/Desktop/Nosso/TF2/IR.vhf" sub00/vhpl55 1529019422
AR fr behavioral "C:/Documents and Settings/SL2aluno/Desktop/Nosso/TF2/FR.vhf" sub00/vhpl25 1529019392
AR controlador behavior "C:/Documents and Settings/SL2aluno/Desktop/Nosso/TF2/CONTROLADOR.vhd" sub00/vhpl59 1529020220
AR m2_1_mxilinx_sp behavioral "C:/Documents and Settings/SL2aluno/Desktop/Nosso/TF2/SP.vhf" sub00/vhpl43 1529019410
EN ram4x1 NULL "C:/Documents and Settings/SL2aluno/Desktop/Nosso/TF2/Ram4x1.vhf" sub00/vhpl04 1529019363
AR and8_bus behavioral "C:/Documents and Settings/SL2aluno/Desktop/Nosso/TF2/AND8_BUS.vhf" sub00/vhpl09 1529019368
EN obuft8_mxilinx_ir NULL "C:/Documents and Settings/SL2aluno/Desktop/Nosso/TF2/IR.vhf" sub00/vhpl52 1529019419
AR cb8cled_mxilinx_sp behavioral "C:/Documents and Settings/SL2aluno/Desktop/Nosso/TF2/SP.vhf" sub00/vhpl47 1529019414
AR xor8_mxilinx_alu behavioral "C:/Documents and Settings/SL2aluno/Desktop/Nosso/TF2/ALU.vhf" sub00/vhpl33 1529019400
AR ram128 behavioral "C:/Documents and Settings/SL2aluno/Desktop/Nosso/TF2/ram128.vhf" sub00/vhpl65 1529019376
AR and9_mxilinx_disp_67 behavioral "C:/Documents and Settings/SL2aluno/Desktop/Nosso/TF2/DISP_67.vhf" sub00/vhpl81 1529019463
AR add8_mxilinx_alu behavioral "C:/Documents and Settings/SL2aluno/Desktop/Nosso/TF2/ALU.vhf" sub00/vhpl31 1529019398
EN obuft8_mxilinx_disp_116 NULL "C:/Documents and Settings/SL2aluno/Desktop/Nosso/TF2/DISP_116.vhf" sub00/vhpl72 1529019431
EN and8_bus NULL "C:/Documents and Settings/SL2aluno/Desktop/Nosso/TF2/AND8_BUS.vhf" sub00/vhpl08 1529019367
AR obuft8_mxilinx_ir behavioral "C:/Documents and Settings/SL2aluno/Desktop/Nosso/TF2/IR.vhf" sub00/vhpl53 1529019420
AR obuft8_mxilinx_fr behavioral "C:/Documents and Settings/SL2aluno/Desktop/Nosso/TF2/FR.vhf" sub00/vhpl21 1529019388
AR inv8_mxilinx_alu behavioral "C:/Documents and Settings/SL2aluno/Desktop/Nosso/TF2/ALU.vhf" sub00/vhpl29 1529019396
AR fd8ce_mxilinx_disp_92 behavioral "C:/Documents and Settings/SL2aluno/Desktop/Nosso/TF2/DISP_92.vhf" sub00/vhpl87 1529019446
AR intel8086 behavioral "C:/Documents and Settings/SL2aluno/Desktop/Nosso/TF2/Intel8086.vhf" sub00/vhpl61 1529019452
EN inv8_mxilinx_alu NULL "C:/Documents and Settings/SL2aluno/Desktop/Nosso/TF2/ALU.vhf" sub00/vhpl28 1529019395
AR ram4x1 behavioral "C:/Documents and Settings/SL2aluno/Desktop/Nosso/TF2/Ram4x1.vhf" sub00/vhpl05 1529019364
EN rom128 NULL "C:/Documents and Settings/SL2aluno/Desktop/Nosso/TF2/rom128.vhf" sub00/vhpl68 1529019379
EN obuft8_mxilinx_disp_67 NULL "C:/Documents and Settings/SL2aluno/Desktop/Nosso/TF2/DISP_67.vhf" sub00/vhpl76 1529019458
AR obuft8_mxilinx_rom128 behavioral "C:/Documents and Settings/SL2aluno/Desktop/Nosso/TF2/rom128.vhf" sub00/vhpl67 1529019378
EN fd8ce_mxilinx_mar NULL "C:/Documents and Settings/SL2aluno/Desktop/Nosso/TF2/MAR.vhf" sub00/vhpl14 1529019381
AR ram8x1 behavioral "C:/Documents and Settings/SL2aluno/Desktop/Nosso/TF2/Ram8x1.vhf" sub00/vhpl07 1529019366
EN fjkc_mxilinx_ram4x1 NULL "C:/Documents and Settings/SL2aluno/Desktop/Nosso/TF2/Ram4x1.vhf" sub00/vhpl02 1529019361
EN shell_controlador NULL "C:/Documents and Settings/SL2aluno/Desktop/Nosso/TF2/CONTROLADOR.vhd" sub00/vhpl56 1529020217
EN obuft8_mxilinx_disp_92 NULL "C:/Documents and Settings/SL2aluno/Desktop/Nosso/TF2/DISP_92.vhf" sub00/vhpl84 1529019443
EN intel8086 NULL "C:/Documents and Settings/SL2aluno/Desktop/Nosso/TF2/Intel8086.vhf" sub00/vhpl60 1529019451
EN disp_67 NULL "C:/Documents and Settings/SL2aluno/Desktop/Nosso/TF2/DISP_67.vhf" sub00/vhpl82 1529019464
AR m2_1b1_mxilinx_sp behavioral "C:/Documents and Settings/SL2aluno/Desktop/Nosso/TF2/SP.vhf" sub00/vhpl41 1529019408
EN obuft8_mxilinx_sp NULL "C:/Documents and Settings/SL2aluno/Desktop/Nosso/TF2/SP.vhf" sub00/vhpl38 1529019405
AR obuft8_mxilinx_disp_67 behavioral "C:/Documents and Settings/SL2aluno/Desktop/Nosso/TF2/DISP_67.vhf" sub00/vhpl77 1529019459
AR obuft8_mxilinx_ram128 behavioral "C:/Documents and Settings/SL2aluno/Desktop/Nosso/TF2/ram128.vhf" sub00/vhpl63 1529019374
AR fjkc_mxilinx_ram4x1 behavioral "C:/Documents and Settings/SL2aluno/Desktop/Nosso/TF2/Ram4x1.vhf" sub00/vhpl03 1529019362
EN alu NULL "C:/Documents and Settings/SL2aluno/Desktop/Nosso/TF2/ALU.vhf" sub00/vhpl36 1529019403
EN disp_92 NULL "C:/Documents and Settings/SL2aluno/Desktop/Nosso/TF2/DISP_92.vhf" sub00/vhpl90 1529019449
EN add8_mxilinx_alu NULL "C:/Documents and Settings/SL2aluno/Desktop/Nosso/TF2/ALU.vhf" sub00/vhpl30 1529019397
AR xor8_bus behavioral "C:/Documents and Settings/SL2aluno/Desktop/Nosso/TF2/XOR8_BUS.vhf" sub00/vhpl11 1529019370
