AR disp_92 behavioral "C:/Documents and Settings/SL2aluno/Desktop/Nosso/TF2/DISP_92.vhf" sub00/vhpl89 1529019209
AR obuft8_mxilinx_disp_92 behavioral "C:/Documents and Settings/SL2aluno/Desktop/Nosso/TF2/DISP_92.vhf" sub00/vhpl83 1529019203
AR rom128 behavioral "C:/Documents and Settings/SL2aluno/Desktop/Nosso/TF2/rom128.vhf" sub00/vhpl19 1529020626
AR obuft8_mxilinx_alu behavioral "C:/Documents and Settings/SL2aluno/Desktop/Nosso/TF2/ALU.vhf" sub00/vhpl33 1529019153
AR or8_bus behavioral "C:/Documents and Settings/SL2aluno/Desktop/Nosso/TF2/OR8_BUS.vhf" sub00/vhpl11 1529019131
AR fd8ce_mxilinx_mar behavioral "C:/Documents and Settings/SL2aluno/Desktop/Nosso/TF2/MAR.vhf" sub00/vhpl21 1529019141
EN disp_116 NULL "C:/Documents and Settings/SL2aluno/Desktop/Nosso/TF2/DISP_116.vhf" sub00/vhpl72 1529019192
AR fd8ce_mxilinx_disp_67 behavioral "C:/Documents and Settings/SL2aluno/Desktop/Nosso/TF2/DISP_67.vhf" sub00/vhpl77 1529019197
EN obuft8_mxilinx_alu NULL "C:/Documents and Settings/SL2aluno/Desktop/Nosso/TF2/ALU.vhf" sub00/vhpl32 1529019152
EN m2_1b1_mxilinx_sp NULL "C:/Documents and Settings/SL2aluno/Desktop/Nosso/TF2/SP.vhf" sub00/vhpl46 1529019166
AR obuft8_mxilinx_disp_116 behavioral "C:/Documents and Settings/SL2aluno/Desktop/Nosso/TF2/DISP_116.vhf" sub00/vhpl71 1529019191
AR ram_rom256 behavioral "C:/Documents and Settings/SL2aluno/Desktop/Nosso/TF2/ram_rom256.vhf" sub00/vhpl69 1529020628
EN ram8x1 NULL "C:/Documents and Settings/SL2aluno/Desktop/Nosso/TF2/Ram8x1.vhf" sub00/vhpl04 1529019124
AR alu behavioral "C:/Documents and Settings/SL2aluno/Desktop/Nosso/TF2/ALU.vhf" sub00/vhpl43 1529019163
AR obuft8_mxilinx_mar behavioral "C:/Documents and Settings/SL2aluno/Desktop/Nosso/TF2/MAR.vhf" sub00/vhpl23 1529019143
EN ftclex_mxilinx_sp NULL "C:/Documents and Settings/SL2aluno/Desktop/Nosso/TF2/SP.vhf" sub00/vhpl50 1529019170
EN mar NULL "C:/Documents and Settings/SL2aluno/Desktop/Nosso/TF2/MAR.vhf" sub00/vhpl24 1529019144
EN obuft8_mxilinx_ram128 NULL "C:/Documents and Settings/SL2aluno/Desktop/Nosso/TF2/ram128.vhf" sub00/vhpl12 1529019132
EN fr NULL "C:/Documents and Settings/SL2aluno/Desktop/Nosso/TF2/FR.vhf" sub00/vhpl30 1529019755
AR cpu behavioral "C:/Documents and Settings/SL2aluno/Desktop/Nosso/TF2/CPU.vhf" sub00/vhpl63 1529019758
EN ir NULL "C:/Documents and Settings/SL2aluno/Desktop/Nosso/TF2/IR.vhf" sub00/vhpl60 1529019180
EN ram_rom256 NULL "C:/Documents and Settings/SL2aluno/Desktop/Nosso/TF2/ram_rom256.vhf" sub00/vhpl68 1529020627
EN cpu NULL "C:/Documents and Settings/SL2aluno/Desktop/Nosso/TF2/CPU.vhf" sub00/vhpl62 1529019757
AR disp_67 behavioral "C:/Documents and Settings/SL2aluno/Desktop/Nosso/TF2/DISP_67.vhf" sub00/vhpl81 1529019201
EN and9_mxilinx_disp_67 NULL "C:/Documents and Settings/SL2aluno/Desktop/Nosso/TF2/DISP_67.vhf" sub00/vhpl78 1529019198
AR ftclex_mxilinx_sp behavioral "C:/Documents and Settings/SL2aluno/Desktop/Nosso/TF2/SP.vhf" sub00/vhpl51 1529019171
EN xor8_mxilinx_alu NULL "C:/Documents and Settings/SL2aluno/Desktop/Nosso/TF2/ALU.vhf" sub00/vhpl38 1529019158
AR and9_mxilinx_disp_92 behavioral "C:/Documents and Settings/SL2aluno/Desktop/Nosso/TF2/DISP_92.vhf" sub00/vhpl87 1529019207
AR mar behavioral "C:/Documents and Settings/SL2aluno/Desktop/Nosso/TF2/MAR.vhf" sub00/vhpl25 1529019145
AR nor8_mxilinx_alu behavioral "C:/Documents and Settings/SL2aluno/Desktop/Nosso/TF2/ALU.vhf" sub00/vhpl41 1529019161
EN obuft8_mxilinx_mar NULL "C:/Documents and Settings/SL2aluno/Desktop/Nosso/TF2/MAR.vhf" sub00/vhpl22 1529019142
EN m2_1_mxilinx_sp NULL "C:/Documents and Settings/SL2aluno/Desktop/Nosso/TF2/SP.vhf" sub00/vhpl48 1529019168
EN and9_mxilinx_disp_92 NULL "C:/Documents and Settings/SL2aluno/Desktop/Nosso/TF2/DISP_92.vhf" sub00/vhpl86 1529019206
EN fd8ce_mxilinx_disp_67 NULL "C:/Documents and Settings/SL2aluno/Desktop/Nosso/TF2/DISP_67.vhf" sub00/vhpl76 1529019196
EN fd8ce_mxilinx_fr NULL "C:/Documents and Settings/SL2aluno/Desktop/Nosso/TF2/FR.vhf" sub00/vhpl28 1529019753
EN fd8ce_mxilinx_disp_92 NULL "C:/Documents and Settings/SL2aluno/Desktop/Nosso/TF2/DISP_92.vhf" sub00/vhpl84 1529019204
EN or8_bus NULL "C:/Documents and Settings/SL2aluno/Desktop/Nosso/TF2/OR8_BUS.vhf" sub00/vhpl10 1529019130
AR disp_116 behavioral "C:/Documents and Settings/SL2aluno/Desktop/Nosso/TF2/DISP_116.vhf" sub00/vhpl73 1529019193
AR sp behavioral "C:/Documents and Settings/SL2aluno/Desktop/Nosso/TF2/SP.vhf" sub00/vhpl55 1529019175
EN cb8cled_mxilinx_sp NULL "C:/Documents and Settings/SL2aluno/Desktop/Nosso/TF2/SP.vhf" sub00/vhpl52 1529019172
EN fd8ce_mxilinx_ir NULL "C:/Documents and Settings/SL2aluno/Desktop/Nosso/TF2/IR.vhf" sub00/vhpl56 1529019176
AR shell_controlador behavior "C:/Documents and Settings/SL2aluno/Desktop/Nosso/TF2/CONTROLADOR.vhd" sub00/vhpl65 1529020263
AR fd8ce_mxilinx_ir behavioral "C:/Documents and Settings/SL2aluno/Desktop/Nosso/TF2/IR.vhf" sub00/vhpl57 1529019177
AR fd8ce_mxilinx_fr behavioral "C:/Documents and Settings/SL2aluno/Desktop/Nosso/TF2/FR.vhf" sub00/vhpl29 1529019754
EN ram128 NULL "C:/Documents and Settings/SL2aluno/Desktop/Nosso/TF2/ram128.vhf" sub00/vhpl14 1529019134
AR obuft8_mxilinx_sp behavioral "C:/Documents and Settings/SL2aluno/Desktop/Nosso/TF2/SP.vhf" sub00/vhpl45 1529019165
EN sp NULL "C:/Documents and Settings/SL2aluno/Desktop/Nosso/TF2/SP.vhf" sub00/vhpl54 1529019174
EN obuft8_mxilinx_rom128 NULL "C:/Documents and Settings/SL2aluno/Desktop/Nosso/TF2/rom128.vhf" sub00/vhpl16 1529020623
EN nor8_mxilinx_alu NULL "C:/Documents and Settings/SL2aluno/Desktop/Nosso/TF2/ALU.vhf" sub00/vhpl40 1529019160
EN xor8_bus NULL "C:/Documents and Settings/SL2aluno/Desktop/Nosso/TF2/XOR8_BUS.vhf" sub00/vhpl08 1529019128
EN obuft8_mxilinx_fr NULL "C:/Documents and Settings/SL2aluno/Desktop/Nosso/TF2/FR.vhf" sub00/vhpl26 1529019751
EN controlador NULL "C:/Documents and Settings/SL2aluno/Desktop/Nosso/TF2/CONTROLADOR.vhd" sub00/vhpl66 1529020264
AR ir behavioral "C:/Documents and Settings/SL2aluno/Desktop/Nosso/TF2/IR.vhf" sub00/vhpl61 1529019181
EN testbenchwaveform8086 NULL "C:/Documents and Settings/SL2aluno/Desktop/Nosso/TF2/TestBenchWaveForm8086.vhw" sub00/vhpl92 1529020631
AR fr behavioral "C:/Documents and Settings/SL2aluno/Desktop/Nosso/TF2/FR.vhf" sub00/vhpl31 1529019756
AR controlador behavior "C:/Documents and Settings/SL2aluno/Desktop/Nosso/TF2/CONTROLADOR.vhd" sub00/vhpl67 1529020265
AR m2_1_mxilinx_sp behavioral "C:/Documents and Settings/SL2aluno/Desktop/Nosso/TF2/SP.vhf" sub00/vhpl49 1529019169
EN ram4x1 NULL "C:/Documents and Settings/SL2aluno/Desktop/Nosso/TF2/Ram4x1.vhf" sub00/vhpl02 1529019122
AR and8_bus behavioral "C:/Documents and Settings/SL2aluno/Desktop/Nosso/TF2/AND8_BUS.vhf" sub00/vhpl07 1529019127
EN obuft8_mxilinx_ir NULL "C:/Documents and Settings/SL2aluno/Desktop/Nosso/TF2/IR.vhf" sub00/vhpl58 1529019178
AR cb8cled_mxilinx_sp behavioral "C:/Documents and Settings/SL2aluno/Desktop/Nosso/TF2/SP.vhf" sub00/vhpl53 1529019173
AR xor8_mxilinx_alu behavioral "C:/Documents and Settings/SL2aluno/Desktop/Nosso/TF2/ALU.vhf" sub00/vhpl39 1529019159
AR ram128 behavioral "C:/Documents and Settings/SL2aluno/Desktop/Nosso/TF2/ram128.vhf" sub00/vhpl15 1529019135
AR and9_mxilinx_disp_67 behavioral "C:/Documents and Settings/SL2aluno/Desktop/Nosso/TF2/DISP_67.vhf" sub00/vhpl79 1529019199
AR add8_mxilinx_alu behavioral "C:/Documents and Settings/SL2aluno/Desktop/Nosso/TF2/ALU.vhf" sub00/vhpl37 1529019157
EN obuft8_mxilinx_disp_116 NULL "C:/Documents and Settings/SL2aluno/Desktop/Nosso/TF2/DISP_116.vhf" sub00/vhpl70 1529019190
EN and8_bus NULL "C:/Documents and Settings/SL2aluno/Desktop/Nosso/TF2/AND8_BUS.vhf" sub00/vhpl06 1529019126
AR obuft8_mxilinx_ir behavioral "C:/Documents and Settings/SL2aluno/Desktop/Nosso/TF2/IR.vhf" sub00/vhpl59 1529019179
AR obuft8_mxilinx_fr behavioral "C:/Documents and Settings/SL2aluno/Desktop/Nosso/TF2/FR.vhf" sub00/vhpl27 1529019752
AR inv8_mxilinx_alu behavioral "C:/Documents and Settings/SL2aluno/Desktop/Nosso/TF2/ALU.vhf" sub00/vhpl35 1529019155
AR fd8ce_mxilinx_disp_92 behavioral "C:/Documents and Settings/SL2aluno/Desktop/Nosso/TF2/DISP_92.vhf" sub00/vhpl85 1529019205
AR intel8086 behavioral "C:/Documents and Settings/SL2aluno/Desktop/Nosso/TF2/Intel8086.vhf" sub00/vhpl91 1529020630
EN inv8_mxilinx_alu NULL "C:/Documents and Settings/SL2aluno/Desktop/Nosso/TF2/ALU.vhf" sub00/vhpl34 1529019154
AR ram4x1 behavioral "C:/Documents and Settings/SL2aluno/Desktop/Nosso/TF2/Ram4x1.vhf" sub00/vhpl03 1529019123
EN rom128 NULL "C:/Documents and Settings/SL2aluno/Desktop/Nosso/TF2/rom128.vhf" sub00/vhpl18 1529020625
EN obuft8_mxilinx_disp_67 NULL "C:/Documents and Settings/SL2aluno/Desktop/Nosso/TF2/DISP_67.vhf" sub00/vhpl74 1529019194
AR testbenchwaveform8086 testbench_arch "C:/Documents and Settings/SL2aluno/Desktop/Nosso/TF2/TestBenchWaveForm8086.vhw" sub00/vhpl93 1529020632
EN fd8ce_mxilinx_mar NULL "C:/Documents and Settings/SL2aluno/Desktop/Nosso/TF2/MAR.vhf" sub00/vhpl20 1529019140
AR obuft8_mxilinx_rom128 behavioral "C:/Documents and Settings/SL2aluno/Desktop/Nosso/TF2/rom128.vhf" sub00/vhpl17 1529020624
AR ram8x1 behavioral "C:/Documents and Settings/SL2aluno/Desktop/Nosso/TF2/Ram8x1.vhf" sub00/vhpl05 1529019125
EN fjkc_mxilinx_ram4x1 NULL "C:/Documents and Settings/SL2aluno/Desktop/Nosso/TF2/Ram4x1.vhf" sub00/vhpl00 1529019120
EN shell_controlador NULL "C:/Documents and Settings/SL2aluno/Desktop/Nosso/TF2/CONTROLADOR.vhd" sub00/vhpl64 1529020262
EN obuft8_mxilinx_disp_92 NULL "C:/Documents and Settings/SL2aluno/Desktop/Nosso/TF2/DISP_92.vhf" sub00/vhpl82 1529019202
EN intel8086 NULL "C:/Documents and Settings/SL2aluno/Desktop/Nosso/TF2/Intel8086.vhf" sub00/vhpl90 1529020629
EN disp_67 NULL "C:/Documents and Settings/SL2aluno/Desktop/Nosso/TF2/DISP_67.vhf" sub00/vhpl80 1529019200
AR m2_1b1_mxilinx_sp behavioral "C:/Documents and Settings/SL2aluno/Desktop/Nosso/TF2/SP.vhf" sub00/vhpl47 1529019167
EN obuft8_mxilinx_sp NULL "C:/Documents and Settings/SL2aluno/Desktop/Nosso/TF2/SP.vhf" sub00/vhpl44 1529019164
AR obuft8_mxilinx_disp_67 behavioral "C:/Documents and Settings/SL2aluno/Desktop/Nosso/TF2/DISP_67.vhf" sub00/vhpl75 1529019195
AR obuft8_mxilinx_ram128 behavioral "C:/Documents and Settings/SL2aluno/Desktop/Nosso/TF2/ram128.vhf" sub00/vhpl13 1529019133
AR fjkc_mxilinx_ram4x1 behavioral "C:/Documents and Settings/SL2aluno/Desktop/Nosso/TF2/Ram4x1.vhf" sub00/vhpl01 1529019121
EN alu NULL "C:/Documents and Settings/SL2aluno/Desktop/Nosso/TF2/ALU.vhf" sub00/vhpl42 1529019162
EN disp_92 NULL "C:/Documents and Settings/SL2aluno/Desktop/Nosso/TF2/DISP_92.vhf" sub00/vhpl88 1529019208
EN add8_mxilinx_alu NULL "C:/Documents and Settings/SL2aluno/Desktop/Nosso/TF2/ALU.vhf" sub00/vhpl36 1529019156
AR xor8_bus behavioral "C:/Documents and Settings/SL2aluno/Desktop/Nosso/TF2/XOR8_BUS.vhf" sub00/vhpl09 1529019129
